
> Rakhtsetu Login Signup Design@0.1.0 build
> vite build

[36mvite v6.4.1 [32mbuilding for production...[36m[39m
node.exe : [baseline-
browser-mapping] The 
data in this module 
is over two months 
old.  To ensure 
accurate Baseline 
data, please update: 
`npm i baseline-brows
er-mapping@latest -D`
At line:1 char:1
+ & "C:\Program Files
\nodejs/node.exe" 
"C:\Program 
Files\nodejs/node_mo 
...
+ ~~~~~~~~~~~~~~~~~~~
~~~~~~~~~~~~~~~~~~~~~
~~~~~~~~~~~~~~~~~~~~~
~~~~~~~~
    + CategoryInfo   
           : NotSpe  
  cified: ([baseli   
 ne-brows...ping@    
latest -D`:Strin    
g) [], RemoteExc    
eption
    + FullyQualified 
   ErrorId : Native  
  CommandError
 
(node:5312) [MODULE_T
YPELESS_PACKAGE_JSON]
 Warning: Module 
type of file:///D:/Ra
ktPort/v%201.0%20-%20
Cursor/postcss.config
.js?t=1769431393140 
is not specified and 
it doesn't parse as 
CommonJS.
Reparsing as ES 
module because 
module syntax was 
detected. This 
incurs a performance 
overhead.
To eliminate this 
warning, add "type": 
"module" to 
D:\RaktPort\v 1.0 - 
Cursor\package.json.
(Use `node 
--trace-warnings 
...` to show where 
the warning was 
created)
transforming...
[32mΓ£ô[39m 98 modules transformed.
[31mΓ£ù[39m Build 
failed in 2.51s
[31merror during 
build:
[31m[vite:esbuild] 
Transform failed 
with 2 errors:
D:/RaktPort/v 1.0 - C
ursor/src/lib/medical
-eligibility.tsx:126:
16: ERROR: Multiple 
exports with the 
same name "calculateD
onorEligibility"
D:/RaktPort/v 1.0 - C
ursor/src/lib/medical
-eligibility.tsx:126:
16: ERROR: The 
symbol "calculateDono
rEligibility" has 
already been 
declared[31m
file: 
[36mD:/RaktPort/v 
1.0 - Cursor/src/lib/
medical-eligibility.t
sx:126:16[31m
[33m
[33mMultiple 
exports with the 
same name "calculateD
onorEligibility"[33m
124|   * @returns 
EligibilityResult 
object
125|   */
126|  export 
function calculateDon
orEligibility(
   |                 
 ^
127|      gender: 
Gender,
128|      
donationType: 
DonationComponent,

[33mThe symbol "calc
ulateDonorEligibility
" has already been 
declared[33m
124|   * @returns 
EligibilityResult 
object
125|   */
126|  export 
function calculateDon
orEligibility(
   |                 
 ^
127|      gender: 
Gender,
128|      
donationType: 
DonationComponent,
[31m
    at 
failureErrorWithLog 
(D:\RaktPort\v 1.0 - 
Cursor\node_modules\e
sbuild\lib\main.js:14
67:15)
    at D:\RaktPort\v 
1.0 - Cursor\node_mod
ules\esbuild\lib\main
.js:736:50
    at responseCallba
cks.<computed> 
(D:\RaktPort\v 1.0 - 
Cursor\node_modules\e
sbuild\lib\main.js:60
3:9)
    at 
handleIncomingPacket 
(D:\RaktPort\v 1.0 - 
Cursor\node_modules\e
sbuild\lib\main.js:65
8:12)
    at Socket.readFro
mStdout 
(D:\RaktPort\v 1.0 - 
Cursor\node_modules\e
sbuild\lib\main.js:58
1:7)
    at Socket.emit 
(node:events:508:28)
    at addChunk (node
:internal/streams/rea
dable:559:12)
    at readableAddChu
nkPushByteMode (node:
internal/streams/read
able:510:3)
    at Readable.push 
(node:internal/stream
s/readable:390:5)
    at 
Pipe.onStreamRead (no
de:internal/stream_ba
se_commons:189:23)[3
9m
